[INFO] Scanning for projects...
[INFO] 
[INFO] -----------< com.security:Ace-Front-Line-Security-Solutions >-----------
[INFO] Building Ace-Front-Line-Security-Solutions 0.0.1-SNAPSHOT
[INFO]   from pom.xml
[INFO] --------------------------------[ jar ]---------------------------------
[INFO] 
[INFO] --- clean:3.4.1:clean (default-clean) @ Ace-Front-Line-Security-Solutions ---
[INFO] Deleting F:\Project 3.28\My Component\Project\Ace-Front-Line-Security-Solutions\target
[INFO] ------------------------------------------------------------------------
[INFO] BUILD FAILURE
[INFO] ------------------------------------------------------------------------
[INFO] Total time:  2.649 s
[INFO] Finished at: 2026-03-31T20:55:23+05:30
[INFO] ------------------------------------------------------------------------
[ERROR] Failed to execute goal org.apache.maven.plugins:maven-clean-plugin:3.4.1:clean (default-clean) on project Ace-Front-Line-Security-Solutions: Failed to clean project: Failed to delete F:\Project 3.28\My Component\Project\Ace-Front-Line-Security-Solutions\target\Ace-Front-Line-Security-Solutions-0.0.1-SNAPSHOT.jar: F:\Project 3.28\My Component\Project\Ace-Front-Line-Security-Solutions\target\Ace-Front-Line-Security-Solutions-0.0.1-SNAPSHOT.jar: The process cannot access the file because it is being used by another process -> [Help 1]
[ERROR] 
[ERROR] To see the full stack trace of the errors, re-run Maven with the -e switch.
[ERROR] Re-run Maven using the -X switch to enable full debug logging.
[ERROR] 
[ERROR] For more information about the errors and possible solutions, please read the following articles:
[ERROR] [Help 1] http://cwiki.apache.org/confluence/display/MAVEN/MojoExecutionException
