[INFO] Scanning for projects...
[INFO] 
[INFO] -----------< com.security:Ace-Front-Line-Security-Solutions >-----------
[INFO] Building Ace-Front-Line-Security-Solutions 0.0.1-SNAPSHOT
[INFO]   from pom.xml
[INFO] --------------------------------[ jar ]---------------------------------
[INFO] 
[INFO] --- clean:3.4.1:clean (default-clean) @ Ace-Front-Line-Security-Solutions ---
[INFO] Deleting F:\Project 3.28\New folder\My Component\Project\Ace-Front-Line-Security-Solutions\target
[INFO] 
[INFO] --- resources:3.3.1:resources (default-resources) @ Ace-Front-Line-Security-Solutions ---
[INFO] Copying 1 resource from src\main\resources to target\classes
[INFO] Copying 1 resource from src\main\resources to target\classes
[INFO] 
[INFO] --- compiler:3.14.1:compile (default-compile) @ Ace-Front-Line-Security-Solutions ---
[INFO] Recompiling the module because of changed source code.
[INFO] Compiling 342 source files with javac [debug parameters release 21] to target\classes
[INFO] Some messages have been simplified; recompile with -Xdiags:verbose to get full output
[INFO] -------------------------------------------------------------
[ERROR] COMPILATION ERROR : 
[INFO] -------------------------------------------------------------
[ERROR] /F:/Project 3.28/New folder/My Component/Project/Ace-Front-Line-Security-Solutions/src/main/java/com/security/Ace/Front/Line/Security/Solutions/enums/AdminLeaveRequestStatus.java:[3,8] duplicate class: com.security.Ace.Front.Line.Security.Solutions.entity.enums.AdminLeaveRequestStatus
[ERROR] /F:/Project 3.28/New folder/My Component/Project/Ace-Front-Line-Security-Solutions/src/main/java/com/security/Ace/Front/Line/Security/Solutions/enums/ClientStatus.java:[3,8] duplicate class: com.security.Ace.Front.Line.Security.Solutions.entity.enums.ClientStatus
[ERROR] /F:/Project 3.28/New folder/My Component/Project/Ace-Front-Line-Security-Solutions/src/main/java/com/security/Ace/Front/Line/Security/Solutions/enums/DeductionApprovalStatus.java:[6,8] duplicate class: com.security.Ace.Front.Line.Security.Solutions.entity.enums.DeductionApprovalStatus
[ERROR] /F:/Project 3.28/New folder/My Component/Project/Ace-Front-Line-Security-Solutions/src/main/java/com/security/Ace/Front/Line/Security/Solutions/enums/DeductionType.java:[12,8] duplicate class: com.security.Ace.Front.Line.Security.Solutions.entity.enums.DeductionType
[ERROR] /F:/Project 3.28/New folder/My Component/Project/Ace-Front-Line-Security-Solutions/src/main/java/com/security/Ace/Front/Line/Security/Solutions/enums/Designation.java:[3,8] duplicate class: com.security.Ace.Front.Line.Security.Solutions.entity.enums.Designation
[ERROR] /F:/Project 3.28/New folder/My Component/Project/Ace-Front-Line-Security-Solutions/src/main/java/com/security/Ace/Front/Line/Security/Solutions/enums/EmailStatus.java:[3,8] duplicate class: com.security.Ace.Front.Line.Security.Solutions.entity.enums.EmailStatus
[ERROR] /F:/Project 3.28/New folder/My Component/Project/Ace-Front-Line-Security-Solutions/src/main/java/com/security/Ace/Front/Line/Security/Solutions/enums/EmailType.java:[6,8] duplicate class: com.security.Ace.Front.Line.Security.Solutions.entity.enums.EmailType
[ERROR] /F:/Project 3.28/New folder/My Component/Project/Ace-Front-Line-Security-Solutions/src/main/java/com/security/Ace/Front/Line/Security/Solutions/enums/Equipment.java:[3,8] duplicate class: com.security.Ace.Front.Line.Security.Solutions.entity.enums.Equipment
[ERROR] /F:/Project 3.28/New folder/My Component/Project/Ace-Front-Line-Security-Solutions/src/main/java/com/security/Ace/Front/Line/Security/Solutions/enums/FeedbackStatus.java:[3,8] duplicate class: com.security.Ace.Front.Line.Security.Solutions.entity.enums.FeedbackStatus
[ERROR] /F:/Project 3.28/New folder/My Component/Project/Ace-Front-Line-Security-Solutions/src/main/java/com/security/Ace/Front/Line/Security/Solutions/enums/InvoiceStatus.java:[17,8] duplicate class: com.security.Ace.Front.Line.Security.Solutions.entity.enums.InvoiceStatus
[ERROR] /F:/Project 3.28/New folder/My Component/Project/Ace-Front-Line-Security-Solutions/src/main/java/com/security/Ace/Front/Line/Security/Solutions/enums/InvoiceType.java:[8,8] duplicate class: com.security.Ace.Front.Line.Security.Solutions.entity.enums.InvoiceType
[ERROR] /F:/Project 3.28/New folder/My Component/Project/Ace-Front-Line-Security-Solutions/src/main/java/com/security/Ace/Front/Line/Security/Solutions/enums/ItemType.java:[15,8] duplicate class: com.security.Ace.Front.Line.Security.Solutions.entity.enums.ItemType
[ERROR] /F:/Project 3.28/New folder/My Component/Project/Ace-Front-Line-Security-Solutions/src/main/java/com/security/Ace/Front/Line/Security/Solutions/enums/LeaveRequestStatus.java:[3,8] duplicate class: com.security.Ace.Front.Line.Security.Solutions.entity.enums.LeaveRequestStatus
[ERROR] /F:/Project 3.28/New folder/My Component/Project/Ace-Front-Line-Security-Solutions/src/main/java/com/security/Ace/Front/Line/Security/Solutions/enums/OfficerRank.java:[9,8] duplicate class: com.security.Ace.Front.Line.Security.Solutions.entity.enums.OfficerRank
[ERROR] /F:/Project 3.28/New folder/My Component/Project/Ace-Front-Line-Security-Solutions/src/main/java/com/security/Ace/Front/Line/Security/Solutions/enums/PaymentMethod.java:[3,8] duplicate class: com.security.Ace.Front.Line.Security.Solutions.entity.enums.PaymentMethod
[ERROR] /F:/Project 3.28/New folder/My Component/Project/Ace-Front-Line-Security-Solutions/src/main/java/com/security/Ace/Front/Line/Security/Solutions/enums/RequestStatus.java:[3,8] duplicate class: com.security.Ace.Front.Line.Security.Solutions.entity.enums.RequestStatus
[ERROR] /F:/Project 3.28/New folder/My Component/Project/Ace-Front-Line-Security-Solutions/src/main/java/com/security/Ace/Front/Line/Security/Solutions/enums/RiskLevel.java:[3,8] duplicate class: com.security.Ace.Front.Line.Security.Solutions.entity.enums.RiskLevel
[ERROR] /F:/Project 3.28/New folder/My Component/Project/Ace-Front-Line-Security-Solutions/src/main/java/com/security/Ace/Front/Line/Security/Solutions/enums/Role.java:[3,8] duplicate class: com.security.Ace.Front.Line.Security.Solutions.entity.enums.Role
[ERROR] /F:/Project 3.28/New folder/My Component/Project/Ace-Front-Line-Security-Solutions/src/main/java/com/security/Ace/Front/Line/Security/Solutions/enums/ScheduleStatus.java:[3,8] duplicate class: com.security.Ace.Front.Line.Security.Solutions.entity.enums.ScheduleStatus
[ERROR] /F:/Project 3.28/New folder/My Component/Project/Ace-Front-Line-Security-Solutions/src/main/java/com/security/Ace/Front/Line/Security/Solutions/enums/ServiceCategory.java:[3,8] duplicate class: com.security.Ace.Front.Line.Security.Solutions.entity.enums.ServiceCategory
[ERROR] /F:/Project 3.28/New folder/My Component/Project/Ace-Front-Line-Security-Solutions/src/main/java/com/security/Ace/Front/Line/Security/Solutions/enums/Sex.java:[3,8] duplicate class: com.security.Ace.Front.Line.Security.Solutions.entity.enums.Sex
[ERROR] /F:/Project 3.28/New folder/My Component/Project/Ace-Front-Line-Security-Solutions/src/main/java/com/security/Ace/Front/Line/Security/Solutions/enums/ShiftType.java:[3,8] duplicate class: com.security.Ace.Front.Line.Security.Solutions.entity.enums.ShiftType
[ERROR] /F:/Project 3.28/New folder/My Component/Project/Ace-Front-Line-Security-Solutions/src/main/java/com/security/Ace/Front/Line/Security/Solutions/enums/VerificationStatus.java:[3,8] duplicate class: com.security.Ace.Front.Line.Security.Solutions.entity.enums.VerificationStatus
[ERROR] /F:/Project 3.28/New folder/My Component/Project/Ace-Front-Line-Security-Solutions/src/main/java/com/security/Ace/Front/Line/Security/Solutions/entity/Paysheet.java:[4,67] cannot find symbol
  symbol:   class PayrollStatus
  location: package com.security.Ace.Front.Line.Security.Solutions.entity.enums
[ERROR] /F:/Project 3.28/New folder/My Component/Project/Ace-Front-Line-Security-Solutions/src/main/java/com/security/Ace/Front/Line/Security/Solutions/entity/Paysheet.java:[60,13] cannot find symbol
  symbol:   class PayrollStatus
  location: class com.security.Ace.Front.Line.Security.Solutions.entity.Paysheet
[ERROR] /F:/Project 3.28/New folder/My Component/Project/Ace-Front-Line-Security-Solutions/src/main/java/com/security/Ace/Front/Line/Security/Solutions/service/PaysheetService.java:[8,67] cannot find symbol
  symbol:   class PayrollStatus
  location: package com.security.Ace.Front.Line.Security.Solutions.entity.enums
[ERROR] /F:/Project 3.28/New folder/My Component/Project/Ace-Front-Line-Security-Solutions/src/main/java/com/security/Ace/Front/Line/Security/Solutions/dto/AdminPayrollRequest.java:[3,67] cannot find symbol
  symbol:   class PayrollStatus
  location: package com.security.Ace.Front.Line.Security.Solutions.entity.enums
[ERROR] /F:/Project 3.28/New folder/My Component/Project/Ace-Front-Line-Security-Solutions/src/main/java/com/security/Ace/Front/Line/Security/Solutions/dto/PayrollResponse.java:[3,67] cannot find symbol
  symbol:   class PayrollStatus
  location: package com.security.Ace.Front.Line.Security.Solutions.entity.enums
[ERROR] /F:/Project 3.28/New folder/My Component/Project/Ace-Front-Line-Security-Solutions/src/main/java/com/security/Ace/Front/Line/Security/Solutions/dto/PayrollResponse.java:[31,13] cannot find symbol
  symbol:   class PayrollStatus
  location: class com.security.Ace.Front.Line.Security.Solutions.dto.PayrollResponse
[ERROR] /F:/Project 3.28/New folder/My Component/Project/Ace-Front-Line-Security-Solutions/src/main/java/com/security/Ace/Front/Line/Security/Solutions/repository/PaysheetRepository.java:[5,67] cannot find symbol
  symbol:   class PayrollStatus
  location: package com.security.Ace.Front.Line.Security.Solutions.entity.enums
[ERROR] /F:/Project 3.28/New folder/My Component/Project/Ace-Front-Line-Security-Solutions/src/main/java/com/security/Ace/Front/Line/Security/Solutions/repository/PaysheetRepository.java:[23,33] cannot find symbol
  symbol:   class PayrollStatus
  location: interface com.security.Ace.Front.Line.Security.Solutions.repository.PaysheetRepository
[ERROR] /F:/Project 3.28/New folder/My Component/Project/Ace-Front-Line-Security-Solutions/src/main/java/com/security/Ace/Front/Line/Security/Solutions/repository/PaysheetRepository.java:[25,44] cannot find symbol
  symbol:   class PayrollStatus
  location: interface com.security.Ace.Front.Line.Security.Solutions.repository.PaysheetRepository
[ERROR] /F:/Project 3.28/New folder/My Component/Project/Ace-Front-Line-Security-Solutions/src/main/java/com/security/Ace/Front/Line/Security/Solutions/service/PayrollStatisticsService.java:[5,67] cannot find symbol
  symbol:   class PayrollStatus
  location: package com.security.Ace.Front.Line.Security.Solutions.entity.enums
[ERROR] /F:/Project 3.28/New folder/My Component/Project/Ace-Front-Line-Security-Solutions/src/main/java/com/security/Ace/Front/Line/Security/Solutions/config/DataSeeder.java:[42,56] constructor Branch in class com.security.Ace.Front.Line.Security.Solutions.entity.Branch cannot be applied to given types;
  required: no arguments
  found:    <nulltype>,java.lang.String
  reason: actual and formal argument lists differ in length
[ERROR] /F:/Project 3.28/New folder/My Component/Project/Ace-Front-Line-Security-Solutions/src/main/java/com/security/Ace/Front/Line/Security/Solutions/config/DataSeeder.java:[43,54] constructor Branch in class com.security.Ace.Front.Line.Security.Solutions.entity.Branch cannot be applied to given types;
  required: no arguments
  found:    <nulltype>,java.lang.String
  reason: actual and formal argument lists differ in length
[ERROR] /F:/Project 3.28/New folder/My Component/Project/Ace-Front-Line-Security-Solutions/src/main/java/com/security/Ace/Front/Line/Security/Solutions/config/DataSeeder.java:[44,59] constructor Branch in class com.security.Ace.Front.Line.Security.Solutions.entity.Branch cannot be applied to given types;
  required: no arguments
  found:    <nulltype>,java.lang.String
  reason: actual and formal argument lists differ in length
[ERROR] /F:/Project 3.28/New folder/My Component/Project/Ace-Front-Line-Security-Solutions/src/main/java/com/security/Ace/Front/Line/Security/Solutions/config/DataSeeder.java:[45,59] constructor Branch in class com.security.Ace.Front.Line.Security.Solutions.entity.Branch cannot be applied to given types;
  required: no arguments
  found:    <nulltype>,java.lang.String
  reason: actual and formal argument lists differ in length
[ERROR] /F:/Project 3.28/New folder/My Component/Project/Ace-Front-Line-Security-Solutions/src/main/java/com/security/Ace/Front/Line/Security/Solutions/config/DataSeeder.java:[47,71] constructor ClientCompany in class com.security.Ace.Front.Line.Security.Solutions.entity.ClientCompany cannot be applied to given types;
  required: no arguments
  found:    <nulltype>,java.lang.String,com.security.Ace.Front.Line.Security.Solutions.entity.Branch
  reason: actual and formal argument lists differ in length
[ERROR] /F:/Project 3.28/New folder/My Component/Project/Ace-Front-Line-Security-Solutions/src/main/java/com/security/Ace/Front/Line/Security/Solutions/config/DataSeeder.java:[48,71] constructor ClientCompany in class com.security.Ace.Front.Line.Security.Solutions.entity.ClientCompany cannot be applied to given types;
  required: no arguments
  found:    <nulltype>,java.lang.String,com.security.Ace.Front.Line.Security.Solutions.entity.Branch
  reason: actual and formal argument lists differ in length
[ERROR] /F:/Project 3.28/New folder/My Component/Project/Ace-Front-Line-Security-Solutions/src/main/java/com/security/Ace/Front/Line/Security/Solutions/config/DataSeeder.java:[49,71] constructor ClientCompany in class com.security.Ace.Front.Line.Security.Solutions.entity.ClientCompany cannot be applied to given types;
  required: no arguments
  found:    <nulltype>,java.lang.String,com.security.Ace.Front.Line.Security.Solutions.entity.Branch
  reason: actual and formal argument lists differ in length
[ERROR] /F:/Project 3.28/New folder/My Component/Project/Ace-Front-Line-Security-Solutions/src/main/java/com/security/Ace/Front/Line/Security/Solutions/config/DataSeeder.java:[50,71] constructor ClientCompany in class com.security.Ace.Front.Line.Security.Solutions.entity.ClientCompany cannot be applied to given types;
  required: no arguments
  found:    <nulltype>,java.lang.String,com.security.Ace.Front.Line.Security.Solutions.entity.Branch
  reason: actual and formal argument lists differ in length
[ERROR] /F:/Project 3.28/New folder/My Component/Project/Ace-Front-Line-Security-Solutions/src/main/java/com/security/Ace/Front/Line/Security/Solutions/config/DataSeeder.java:[51,71] constructor ClientCompany in class com.security.Ace.Front.Line.Security.Solutions.entity.ClientCompany cannot be applied to given types;
  required: no arguments
  found:    <nulltype>,java.lang.String,com.security.Ace.Front.Line.Security.Solutions.entity.Branch
  reason: actual and formal argument lists differ in length
[ERROR] /F:/Project 3.28/New folder/My Component/Project/Ace-Front-Line-Security-Solutions/src/main/java/com/security/Ace/Front/Line/Security/Solutions/config/DataSeeder.java:[55,27] cannot find symbol
  symbol:   method setFullName(java.lang.String)
  location: variable opsManager of type com.security.Ace.Front.Line.Security.Solutions.entity.User
[ERROR] /F:/Project 3.28/New folder/My Component/Project/Ace-Front-Line-Security-Solutions/src/main/java/com/security/Ace/Front/Line/Security/Solutions/config/DataSeeder.java:[60,22] cannot find symbol
  symbol:   method setFullName(java.lang.String)
  location: variable exec1 of type com.security.Ace.Front.Line.Security.Solutions.entity.User
[ERROR] /F:/Project 3.28/New folder/My Component/Project/Ace-Front-Line-Security-Solutions/src/main/java/com/security/Ace/Front/Line/Security/Solutions/config/DataSeeder.java:[64,25] cannot find symbol
  symbol:   method setFullName(java.lang.String)
  location: variable chairman of type com.security.Ace.Front.Line.Security.Solutions.entity.User
[ERROR] /F:/Project 3.28/New folder/My Component/Project/Ace-Front-Line-Security-Solutions/src/main/java/com/security/Ace/Front/Line/Security/Solutions/config/DataSeeder.java:[68,25] cannot find symbol
  symbol:   method setFullName(java.lang.String)
  location: variable director of type com.security.Ace.Front.Line.Security.Solutions.entity.User
[ERROR] /F:/Project 3.28/New folder/My Component/Project/Ace-Front-Line-Security-Solutions/src/main/java/com/security/Ace/Front/Line/Security/Solutions/config/DataSeeder.java:[72,27] cannot find symbol
  symbol:   method setFullName(java.lang.String)
  location: variable accountant of type com.security.Ace.Front.Line.Security.Solutions.entity.User
[ERROR] /F:/Project 3.28/New folder/My Component/Project/Ace-Front-Line-Security-Solutions/src/main/java/com/security/Ace/Front/Line/Security/Solutions/config/DataSeeder.java:[77,20] cannot find symbol
  symbol:   method setFullName(java.lang.String)
  location: variable am1 of type com.security.Ace.Front.Line.Security.Solutions.entity.User
[ERROR] /F:/Project 3.28/New folder/My Component/Project/Ace-Front-Line-Security-Solutions/src/main/java/com/security/Ace/Front/Line/Security/Solutions/config/DataSeeder.java:[81,20] cannot find symbol
  symbol:   method setFullName(java.lang.String)
  location: variable am2 of type com.security.Ace.Front.Line.Security.Solutions.entity.User
[ERROR] /F:/Project 3.28/New folder/My Component/Project/Ace-Front-Line-Security-Solutions/src/main/java/com/security/Ace/Front/Line/Security/Solutions/config/DataSeeder.java:[115,24] cannot find symbol
  symbol:   method setBankName(java.lang.String)
  location: variable aceBank of type com.security.Ace.Front.Line.Security.Solutions.entity.BankDetails
[ERROR] /F:/Project 3.28/New folder/My Component/Project/Ace-Front-Line-Security-Solutions/src/main/java/com/security/Ace/Front/Line/Security/Solutions/config/DataSeeder.java:[116,24] cannot find symbol
  symbol:   method setAccountName(java.lang.String)
  location: variable aceBank of type com.security.Ace.Front.Line.Security.Solutions.entity.BankDetails
[ERROR] /F:/Project 3.28/New folder/My Component/Project/Ace-Front-Line-Security-Solutions/src/main/java/com/security/Ace/Front/Line/Security/Solutions/config/DataSeeder.java:[117,24] cannot find symbol
  symbol:   method setAccountNumber(java.lang.String)
  location: variable aceBank of type com.security.Ace.Front.Line.Security.Solutions.entity.BankDetails
[ERROR] /F:/Project 3.28/New folder/My Component/Project/Ace-Front-Line-Security-Solutions/src/main/java/com/security/Ace/Front/Line/Security/Solutions/config/DataSeeder.java:[118,24] cannot find symbol
  symbol:   method setBranchName(java.lang.String)
  location: variable aceBank of type com.security.Ace.Front.Line.Security.Solutions.entity.BankDetails
[ERROR] /F:/Project 3.28/New folder/My Component/Project/Ace-Front-Line-Security-Solutions/src/main/java/com/security/Ace/Front/Line/Security/Solutions/config/DataSeeder.java:[119,24] cannot find symbol
  symbol:   method setBranchCode(java.lang.String)
  location: variable aceBank of type com.security.Ace.Front.Line.Security.Solutions.entity.BankDetails
[ERROR] /F:/Project 3.28/New folder/My Component/Project/Ace-Front-Line-Security-Solutions/src/main/java/com/security/Ace/Front/Line/Security/Solutions/config/DataSeeder.java:[120,24] cannot find symbol
  symbol:   method setSwiftCode(java.lang.String)
  location: variable aceBank of type com.security.Ace.Front.Line.Security.Solutions.entity.BankDetails
[ERROR] /F:/Project 3.28/New folder/My Component/Project/Ace-Front-Line-Security-Solutions/src/main/java/com/security/Ace/Front/Line/Security/Solutions/config/DataSeeder.java:[121,24] cannot find symbol
  symbol:   method setIsActive(boolean)
  location: variable aceBank of type com.security.Ace.Front.Line.Security.Solutions.entity.BankDetails
[ERROR] /F:/Project 3.28/New folder/My Component/Project/Ace-Front-Line-Security-Solutions/src/main/java/com/security/Ace/Front/Line/Security/Solutions/config/DataSeeder.java:[131,24] cannot find symbol
  symbol:   method setClientCode(java.lang.String)
  location: variable client1 of type com.security.Ace.Front.Line.Security.Solutions.entity.Client
[ERROR] /F:/Project 3.28/New folder/My Component/Project/Ace-Front-Line-Security-Solutions/src/main/java/com/security/Ace/Front/Line/Security/Solutions/config/DataSeeder.java:[132,24] cannot find symbol
  symbol:   method setCompanyName(java.lang.String)
  location: variable client1 of type com.security.Ace.Front.Line.Security.Solutions.entity.Client
[ERROR] /F:/Project 3.28/New folder/My Component/Project/Ace-Front-Line-Security-Solutions/src/main/java/com/security/Ace/Front/Line/Security/Solutions/config/DataSeeder.java:[133,24] cannot find symbol
  symbol:   method setCompanyRegistrationNo(java.lang.String)
  location: variable client1 of type com.security.Ace.Front.Line.Security.Solutions.entity.Client
[ERROR] /F:/Project 3.28/New folder/My Component/Project/Ace-Front-Line-Security-Solutions/src/main/java/com/security/Ace/Front/Line/Security/Solutions/config/DataSeeder.java:[134,24] cannot find symbol
  symbol:   method setVatNumber(java.lang.String)
  location: variable client1 of type com.security.Ace.Front.Line.Security.Solutions.entity.Client
[ERROR] /F:/Project 3.28/New folder/My Component/Project/Ace-Front-Line-Security-Solutions/src/main/java/com/security/Ace/Front/Line/Security/Solutions/config/DataSeeder.java:[135,24] cannot find symbol
  symbol:   method setIndustryType(java.lang.String)
  location: variable client1 of type com.security.Ace.Front.Line.Security.Solutions.entity.Client
[ERROR] /F:/Project 3.28/New folder/My Component/Project/Ace-Front-Line-Security-Solutions/src/main/java/com/security/Ace/Front/Line/Security/Solutions/config/DataSeeder.java:[136,24] cannot find symbol
  symbol:   method setAddress(java.lang.String)
  location: variable client1 of type com.security.Ace.Front.Line.Security.Solutions.entity.Client
[ERROR] /F:/Project 3.28/New folder/My Component/Project/Ace-Front-Line-Security-Solutions/src/main/java/com/security/Ace/Front/Line/Security/Solutions/config/DataSeeder.java:[137,24] cannot find symbol
  symbol:   method setServiceLocation(java.lang.String)
  location: variable client1 of type com.security.Ace.Front.Line.Security.Solutions.entity.Client
[ERROR] /F:/Project 3.28/New folder/My Component/Project/Ace-Front-Line-Security-Solutions/src/main/java/com/security/Ace/Front/Line/Security/Solutions/config/DataSeeder.java:[138,24] cannot find symbol
  symbol:   method setCity(java.lang.String)
  location: variable client1 of type com.security.Ace.Front.Line.Security.Solutions.entity.Client
[ERROR] /F:/Project 3.28/New folder/My Component/Project/Ace-Front-Line-Security-Solutions/src/main/java/com/security/Ace/Front/Line/Security/Solutions/config/DataSeeder.java:[139,24] cannot find symbol
  symbol:   method setContactPersonName(java.lang.String)
  location: variable client1 of type com.security.Ace.Front.Line.Security.Solutions.entity.Client
[ERROR] /F:/Project 3.28/New folder/My Component/Project/Ace-Front-Line-Security-Solutions/src/main/java/com/security/Ace/Front/Line/Security/Solutions/config/DataSeeder.java:[140,24] cannot find symbol
  symbol:   method setContactPersonDesignation(java.lang.String)
  location: variable client1 of type com.security.Ace.Front.Line.Security.Solutions.entity.Client
[ERROR] /F:/Project 3.28/New folder/My Component/Project/Ace-Front-Line-Security-Solutions/src/main/java/com/security/Ace/Front/Line/Security/Solutions/config/DataSeeder.java:[141,24] cannot find symbol
  symbol:   method setContactPersonEmail(java.lang.String)
  location: variable client1 of type com.security.Ace.Front.Line.Security.Solutions.entity.Client
[ERROR] /F:/Project 3.28/New folder/My Component/Project/Ace-Front-Line-Security-Solutions/src/main/java/com/security/Ace/Front/Line/Security/Solutions/config/DataSeeder.java:[142,24] cannot find symbol
  symbol:   method setContactPersonPhone(java.lang.String)
  location: variable client1 of type com.security.Ace.Front.Line.Security.Solutions.entity.Client
[ERROR] /F:/Project 3.28/New folder/My Component/Project/Ace-Front-Line-Security-Solutions/src/main/java/com/security/Ace/Front/Line/Security/Solutions/config/DataSeeder.java:[143,24] cannot find symbol
  symbol:   method setUsername(java.lang.String)
  location: variable client1 of type com.security.Ace.Front.Line.Security.Solutions.entity.Client
[ERROR] /F:/Project 3.28/New folder/My Component/Project/Ace-Front-Line-Security-Solutions/src/main/java/com/security/Ace/Front/Line/Security/Solutions/config/DataSeeder.java:[144,24] cannot find symbol
  symbol:   method setPasswordHash(java.lang.String)
  location: variable client1 of type com.security.Ace.Front.Line.Security.Solutions.entity.Client
[ERROR] /F:/Project 3.28/New folder/My Component/Project/Ace-Front-Line-Security-Solutions/src/main/java/com/security/Ace/Front/Line/Security/Solutions/config/DataSeeder.java:[145,24] cannot find symbol
  symbol:   method setIsFirstLogin(boolean)
  location: variable client1 of type com.security.Ace.Front.Line.Security.Solutions.entity.Client
[ERROR] /F:/Project 3.28/New folder/My Component/Project/Ace-Front-Line-Security-Solutions/src/main/java/com/security/Ace/Front/Line/Security/Solutions/config/DataSeeder.java:[146,24] cannot find symbol
  symbol:   method setServiceStartDate(java.time.LocalDate)
  location: variable client1 of type com.security.Ace.Front.Line.Security.Solutions.entity.Client
[ERROR] /F:/Project 3.28/New folder/My Component/Project/Ace-Front-Line-Security-Solutions/src/main/java/com/security/Ace/Front/Line/Security/Solutions/config/DataSeeder.java:[147,24] cannot find symbol
  symbol:   method setContractDurationMonths(int)
  location: variable client1 of type com.security.Ace.Front.Line.Security.Solutions.entity.Client
[ERROR] /F:/Project 3.28/New folder/My Component/Project/Ace-Front-Line-Security-Solutions/src/main/java/com/security/Ace/Front/Line/Security/Solutions/config/DataSeeder.java:[149,24] cannot find symbol
  symbol:   method setOicCount(int)
  location: variable client1 of type com.security.Ace.Front.Line.Security.Solutions.entity.Client
[ERROR] /F:/Project 3.28/New folder/My Component/Project/Ace-Front-Line-Security-Solutions/src/main/java/com/security/Ace/Front/Line/Security/Solutions/config/DataSeeder.java:[150,24] cannot find symbol
  symbol:   method setJsoCount(int)
  location: variable client1 of type com.security.Ace.Front.Line.Security.Solutions.entity.Client
[ERROR] /F:/Project 3.28/New folder/My Component/Project/Ace-Front-Line-Security-Solutions/src/main/java/com/security/Ace/Front/Line/Security/Solutions/config/DataSeeder.java:[151,24] cannot find symbol
  symbol:   method setOicRatePerShift(java.math.BigDecimal)
  location: variable client1 of type com.security.Ace.Front.Line.Security.Solutions.entity.Client
[ERROR] /F:/Project 3.28/New folder/My Component/Project/Ace-Front-Line-Security-Solutions/src/main/java/com/security/Ace/Front/Line/Security/Solutions/config/DataSeeder.java:[152,24] cannot find symbol
  symbol:   method setJsoRatePerShift(java.math.BigDecimal)
  location: variable client1 of type com.security.Ace.Front.Line.Security.Solutions.entity.Client
[ERROR] /F:/Project 3.28/New folder/My Component/Project/Ace-Front-Line-Security-Solutions/src/main/java/com/security/Ace/Front/Line/Security/Solutions/config/DataSeeder.java:[153,24] cannot find symbol
  symbol:   method setOtRatePerHour(java.math.BigDecimal)
  location: variable client1 of type com.security.Ace.Front.Line.Security.Solutions.entity.Client
[ERROR] /F:/Project 3.28/New folder/My Component/Project/Ace-Front-Line-Security-Solutions/src/main/java/com/security/Ace/Front/Line/Security/Solutions/config/DataSeeder.java:[154,24] cannot find symbol
  symbol:   method setRiskLevel(com.security.Ace.Front.Line.Security.Solutions.entity.enums.RiskLevel)
  location: variable client1 of type com.security.Ace.Front.Line.Security.Solutions.entity.Client
[ERROR] /F:/Project 3.28/New folder/My Component/Project/Ace-Front-Line-Security-Solutions/src/main/java/com/security/Ace/Front/Line/Security/Solutions/config/DataSeeder.java:[155,24] cannot find symbol
  symbol:   method setRecommendedOfficers(int)
  location: variable client1 of type com.security.Ace.Front.Line.Security.Solutions.entity.Client
[ERROR] /F:/Project 3.28/New folder/My Component/Project/Ace-Front-Line-Security-Solutions/src/main/java/com/security/Ace/Front/Line/Security/Solutions/config/DataSeeder.java:[156,24] cannot find symbol
  symbol:   method setStatus(com.security.Ace.Front.Line.Security.Solutions.entity.enums.ClientStatus)
  location: variable client1 of type com.security.Ace.Front.Line.Security.Solutions.entity.Client
[ERROR] /F:/Project 3.28/New folder/My Component/Project/Ace-Front-Line-Security-Solutions/src/main/java/com/security/Ace/Front/Line/Security/Solutions/config/DataSeeder.java:[157,24] cannot find symbol
  symbol:   method setRegisteredAt(java.time.LocalDateTime)
  location: variable client1 of type com.security.Ace.Front.Line.Security.Solutions.entity.Client
[ERROR] /F:/Project 3.28/New folder/My Component/Project/Ace-Front-Line-Security-Solutions/src/main/java/com/security/Ace/Front/Line/Security/Solutions/config/DataSeeder.java:[158,24] cannot find symbol
  symbol:   method setUpdatedAt(java.time.LocalDateTime)
  location: variable client1 of type com.security.Ace.Front.Line.Security.Solutions.entity.Client
[ERROR] /F:/Project 3.28/New folder/My Component/Project/Ace-Front-Line-Security-Solutions/src/main/java/com/security/Ace/Front/Line/Security/Solutions/config/DataSeeder.java:[163,24] cannot find symbol
  symbol:   method setClientCode(java.lang.String)
  location: variable client2 of type com.security.Ace.Front.Line.Security.Solutions.entity.Client
[ERROR] /F:/Project 3.28/New folder/My Component/Project/Ace-Front-Line-Security-Solutions/src/main/java/com/security/Ace/Front/Line/Security/Solutions/config/DataSeeder.java:[164,24] cannot find symbol
  symbol:   method setCompanyName(java.lang.String)
  location: variable client2 of type com.security.Ace.Front.Line.Security.Solutions.entity.Client
[ERROR] /F:/Project 3.28/New folder/My Component/Project/Ace-Front-Line-Security-Solutions/src/main/java/com/security/Ace/Front/Line/Security/Solutions/config/DataSeeder.java:[165,24] cannot find symbol
  symbol:   method setCompanyRegistrationNo(java.lang.String)
  location: variable client2 of type com.security.Ace.Front.Line.Security.Solutions.entity.Client
[ERROR] /F:/Project 3.28/New folder/My Component/Project/Ace-Front-Line-Security-Solutions/src/main/java/com/security/Ace/Front/Line/Security/Solutions/config/DataSeeder.java:[166,24] cannot find symbol
  symbol:   method setVatNumber(java.lang.String)
  location: variable client2 of type com.security.Ace.Front.Line.Security.Solutions.entity.Client
[ERROR] /F:/Project 3.28/New folder/My Component/Project/Ace-Front-Line-Security-Solutions/src/main/java/com/security/Ace/Front/Line/Security/Solutions/config/DataSeeder.java:[167,24] cannot find symbol
  symbol:   method setIndustryType(java.lang.String)
  location: variable client2 of type com.security.Ace.Front.Line.Security.Solutions.entity.Client
[ERROR] /F:/Project 3.28/New folder/My Component/Project/Ace-Front-Line-Security-Solutions/src/main/java/com/security/Ace/Front/Line/Security/Solutions/config/DataSeeder.java:[168,24] cannot find symbol
  symbol:   method setAddress(java.lang.String)
  location: variable client2 of type com.security.Ace.Front.Line.Security.Solutions.entity.Client
[ERROR] /F:/Project 3.28/New folder/My Component/Project/Ace-Front-Line-Security-Solutions/src/main/java/com/security/Ace/Front/Line/Security/Solutions/config/DataSeeder.java:[169,24] cannot find symbol
  symbol:   method setServiceLocation(java.lang.String)
  location: variable client2 of type com.security.Ace.Front.Line.Security.Solutions.entity.Client
[ERROR] /F:/Project 3.28/New folder/My Component/Project/Ace-Front-Line-Security-Solutions/src/main/java/com/security/Ace/Front/Line/Security/Solutions/config/DataSeeder.java:[170,24] cannot find symbol
  symbol:   method setCity(java.lang.String)
  location: variable client2 of type com.security.Ace.Front.Line.Security.Solutions.entity.Client
[ERROR] /F:/Project 3.28/New folder/My Component/Project/Ace-Front-Line-Security-Solutions/src/main/java/com/security/Ace/Front/Line/Security/Solutions/config/DataSeeder.java:[171,24] cannot find symbol
  symbol:   method setContactPersonName(java.lang.String)
  location: variable client2 of type com.security.Ace.Front.Line.Security.Solutions.entity.Client
[ERROR] /F:/Project 3.28/New folder/My Component/Project/Ace-Front-Line-Security-Solutions/src/main/java/com/security/Ace/Front/Line/Security/Solutions/config/DataSeeder.java:[172,24] cannot find symbol
  symbol:   method setContactPersonDesignation(java.lang.String)
  location: variable client2 of type com.security.Ace.Front.Line.Security.Solutions.entity.Client
[ERROR] /F:/Project 3.28/New folder/My Component/Project/Ace-Front-Line-Security-Solutions/src/main/java/com/security/Ace/Front/Line/Security/Solutions/config/DataSeeder.java:[173,24] cannot find symbol
  symbol:   method setContactPersonEmail(java.lang.String)
  location: variable client2 of type com.security.Ace.Front.Line.Security.Solutions.entity.Client
[ERROR] /F:/Project 3.28/New folder/My Component/Project/Ace-Front-Line-Security-Solutions/src/main/java/com/security/Ace/Front/Line/Security/Solutions/config/DataSeeder.java:[174,24] cannot find symbol
  symbol:   method setContactPersonPhone(java.lang.String)
  location: variable client2 of type com.security.Ace.Front.Line.Security.Solutions.entity.Client
[ERROR] /F:/Project 3.28/New folder/My Component/Project/Ace-Front-Line-Security-Solutions/src/main/java/com/security/Ace/Front/Line/Security/Solutions/config/DataSeeder.java:[175,24] cannot find symbol
  symbol:   method setUsername(java.lang.String)
  location: variable client2 of type com.security.Ace.Front.Line.Security.Solutions.entity.Client
[ERROR] /F:/Project 3.28/New folder/My Component/Project/Ace-Front-Line-Security-Solutions/src/main/java/com/security/Ace/Front/Line/Security/Solutions/config/DataSeeder.java:[176,24] cannot find symbol
  symbol:   method setPasswordHash(java.lang.String)
  location: variable client2 of type com.security.Ace.Front.Line.Security.Solutions.entity.Client
[ERROR] /F:/Project 3.28/New folder/My Component/Project/Ace-Front-Line-Security-Solutions/src/main/java/com/security/Ace/Front/Line/Security/Solutions/config/DataSeeder.java:[177,24] cannot find symbol
  symbol:   method setIsFirstLogin(boolean)
  location: variable client2 of type com.security.Ace.Front.Line.Security.Solutions.entity.Client
[ERROR] /F:/Project 3.28/New folder/My Component/Project/Ace-Front-Line-Security-Solutions/src/main/java/com/security/Ace/Front/Line/Security/Solutions/config/DataSeeder.java:[178,24] cannot find symbol
  symbol:   method setServiceStartDate(java.time.LocalDate)
  location: variable client2 of type com.security.Ace.Front.Line.Security.Solutions.entity.Client
[ERROR] /F:/Project 3.28/New folder/My Component/Project/Ace-Front-Line-Security-Solutions/src/main/java/com/security/Ace/Front/Line/Security/Solutions/config/DataSeeder.java:[179,24] cannot find symbol
  symbol:   method setContractDurationMonths(int)
  location: variable client2 of type com.security.Ace.Front.Line.Security.Solutions.entity.Client
[INFO] 100 errors 
[INFO] -------------------------------------------------------------
[INFO] ------------------------------------------------------------------------
[INFO] BUILD FAILURE
[INFO] ------------------------------------------------------------------------
[INFO] Total time:  4.132 s
[INFO] Finished at: 2026-04-10T22:40:24+05:30
[INFO] ------------------------------------------------------------------------
[ERROR] Failed to execute goal org.apache.maven.plugins:maven-compiler-plugin:3.14.1:compile (default-compile) on project Ace-Front-Line-Security-Solutions: Compilation failure: Compilation failure: 
[ERROR] /F:/Project 3.28/New folder/My Component/Project/Ace-Front-Line-Security-Solutions/src/main/java/com/security/Ace/Front/Line/Security/Solutions/enums/AdminLeaveRequestStatus.java:[3,8] duplicate class: com.security.Ace.Front.Line.Security.Solutions.entity.enums.AdminLeaveRequestStatus
[ERROR] /F:/Project 3.28/New folder/My Component/Project/Ace-Front-Line-Security-Solutions/src/main/java/com/security/Ace/Front/Line/Security/Solutions/enums/ClientStatus.java:[3,8] duplicate class: com.security.Ace.Front.Line.Security.Solutions.entity.enums.ClientStatus
[ERROR] /F:/Project 3.28/New folder/My Component/Project/Ace-Front-Line-Security-Solutions/src/main/java/com/security/Ace/Front/Line/Security/Solutions/enums/DeductionApprovalStatus.java:[6,8] duplicate class: com.security.Ace.Front.Line.Security.Solutions.entity.enums.DeductionApprovalStatus
[ERROR] /F:/Project 3.28/New folder/My Component/Project/Ace-Front-Line-Security-Solutions/src/main/java/com/security/Ace/Front/Line/Security/Solutions/enums/DeductionType.java:[12,8] duplicate class: com.security.Ace.Front.Line.Security.Solutions.entity.enums.DeductionType
[ERROR] /F:/Project 3.28/New folder/My Component/Project/Ace-Front-Line-Security-Solutions/src/main/java/com/security/Ace/Front/Line/Security/Solutions/enums/Designation.java:[3,8] duplicate class: com.security.Ace.Front.Line.Security.Solutions.entity.enums.Designation
[ERROR] /F:/Project 3.28/New folder/My Component/Project/Ace-Front-Line-Security-Solutions/src/main/java/com/security/Ace/Front/Line/Security/Solutions/enums/EmailStatus.java:[3,8] duplicate class: com.security.Ace.Front.Line.Security.Solutions.entity.enums.EmailStatus
[ERROR] /F:/Project 3.28/New folder/My Component/Project/Ace-Front-Line-Security-Solutions/src/main/java/com/security/Ace/Front/Line/Security/Solutions/enums/EmailType.java:[6,8] duplicate class: com.security.Ace.Front.Line.Security.Solutions.entity.enums.EmailType
[ERROR] /F:/Project 3.28/New folder/My Component/Project/Ace-Front-Line-Security-Solutions/src/main/java/com/security/Ace/Front/Line/Security/Solutions/enums/Equipment.java:[3,8] duplicate class: com.security.Ace.Front.Line.Security.Solutions.entity.enums.Equipment
[ERROR] /F:/Project 3.28/New folder/My Component/Project/Ace-Front-Line-Security-Solutions/src/main/java/com/security/Ace/Front/Line/Security/Solutions/enums/FeedbackStatus.java:[3,8] duplicate class: com.security.Ace.Front.Line.Security.Solutions.entity.enums.FeedbackStatus
[ERROR] /F:/Project 3.28/New folder/My Component/Project/Ace-Front-Line-Security-Solutions/src/main/java/com/security/Ace/Front/Line/Security/Solutions/enums/InvoiceStatus.java:[17,8] duplicate class: com.security.Ace.Front.Line.Security.Solutions.entity.enums.InvoiceStatus
[ERROR] /F:/Project 3.28/New folder/My Component/Project/Ace-Front-Line-Security-Solutions/src/main/java/com/security/Ace/Front/Line/Security/Solutions/enums/InvoiceType.java:[8,8] duplicate class: com.security.Ace.Front.Line.Security.Solutions.entity.enums.InvoiceType
[ERROR] /F:/Project 3.28/New folder/My Component/Project/Ace-Front-Line-Security-Solutions/src/main/java/com/security/Ace/Front/Line/Security/Solutions/enums/ItemType.java:[15,8] duplicate class: com.security.Ace.Front.Line.Security.Solutions.entity.enums.ItemType
[ERROR] /F:/Project 3.28/New folder/My Component/Project/Ace-Front-Line-Security-Solutions/src/main/java/com/security/Ace/Front/Line/Security/Solutions/enums/LeaveRequestStatus.java:[3,8] duplicate class: com.security.Ace.Front.Line.Security.Solutions.entity.enums.LeaveRequestStatus
[ERROR] /F:/Project 3.28/New folder/My Component/Project/Ace-Front-Line-Security-Solutions/src/main/java/com/security/Ace/Front/Line/Security/Solutions/enums/OfficerRank.java:[9,8] duplicate class: com.security.Ace.Front.Line.Security.Solutions.entity.enums.OfficerRank
[ERROR] /F:/Project 3.28/New folder/My Component/Project/Ace-Front-Line-Security-Solutions/src/main/java/com/security/Ace/Front/Line/Security/Solutions/enums/PaymentMethod.java:[3,8] duplicate class: com.security.Ace.Front.Line.Security.Solutions.entity.enums.PaymentMethod
[ERROR] /F:/Project 3.28/New folder/My Component/Project/Ace-Front-Line-Security-Solutions/src/main/java/com/security/Ace/Front/Line/Security/Solutions/enums/RequestStatus.java:[3,8] duplicate class: com.security.Ace.Front.Line.Security.Solutions.entity.enums.RequestStatus
[ERROR] /F:/Project 3.28/New folder/My Component/Project/Ace-Front-Line-Security-Solutions/src/main/java/com/security/Ace/Front/Line/Security/Solutions/enums/RiskLevel.java:[3,8] duplicate class: com.security.Ace.Front.Line.Security.Solutions.entity.enums.RiskLevel
[ERROR] /F:/Project 3.28/New folder/My Component/Project/Ace-Front-Line-Security-Solutions/src/main/java/com/security/Ace/Front/Line/Security/Solutions/enums/Role.java:[3,8] duplicate class: com.security.Ace.Front.Line.Security.Solutions.entity.enums.Role
[ERROR] /F:/Project 3.28/New folder/My Component/Project/Ace-Front-Line-Security-Solutions/src/main/java/com/security/Ace/Front/Line/Security/Solutions/enums/ScheduleStatus.java:[3,8] duplicate class: com.security.Ace.Front.Line.Security.Solutions.entity.enums.ScheduleStatus
[ERROR] /F:/Project 3.28/New folder/My Component/Project/Ace-Front-Line-Security-Solutions/src/main/java/com/security/Ace/Front/Line/Security/Solutions/enums/ServiceCategory.java:[3,8] duplicate class: com.security.Ace.Front.Line.Security.Solutions.entity.enums.ServiceCategory
[ERROR] /F:/Project 3.28/New folder/My Component/Project/Ace-Front-Line-Security-Solutions/src/main/java/com/security/Ace/Front/Line/Security/Solutions/enums/Sex.java:[3,8] duplicate class: com.security.Ace.Front.Line.Security.Solutions.entity.enums.Sex
[ERROR] /F:/Project 3.28/New folder/My Component/Project/Ace-Front-Line-Security-Solutions/src/main/java/com/security/Ace/Front/Line/Security/Solutions/enums/ShiftType.java:[3,8] duplicate class: com.security.Ace.Front.Line.Security.Solutions.entity.enums.ShiftType
[ERROR] /F:/Project 3.28/New folder/My Component/Project/Ace-Front-Line-Security-Solutions/src/main/java/com/security/Ace/Front/Line/Security/Solutions/enums/VerificationStatus.java:[3,8] duplicate class: com.security.Ace.Front.Line.Security.Solutions.entity.enums.VerificationStatus
[ERROR] /F:/Project 3.28/New folder/My Component/Project/Ace-Front-Line-Security-Solutions/src/main/java/com/security/Ace/Front/Line/Security/Solutions/entity/Paysheet.java:[4,67] cannot find symbol
[ERROR]   symbol:   class PayrollStatus
[ERROR]   location: package com.security.Ace.Front.Line.Security.Solutions.entity.enums
[ERROR] /F:/Project 3.28/New folder/My Component/Project/Ace-Front-Line-Security-Solutions/src/main/java/com/security/Ace/Front/Line/Security/Solutions/entity/Paysheet.java:[60,13] cannot find symbol
[ERROR]   symbol:   class PayrollStatus
[ERROR]   location: class com.security.Ace.Front.Line.Security.Solutions.entity.Paysheet
[ERROR] /F:/Project 3.28/New folder/My Component/Project/Ace-Front-Line-Security-Solutions/src/main/java/com/security/Ace/Front/Line/Security/Solutions/service/PaysheetService.java:[8,67] cannot find symbol
[ERROR]   symbol:   class PayrollStatus
[ERROR]   location: package com.security.Ace.Front.Line.Security.Solutions.entity.enums
[ERROR] /F:/Project 3.28/New folder/My Component/Project/Ace-Front-Line-Security-Solutions/src/main/java/com/security/Ace/Front/Line/Security/Solutions/dto/AdminPayrollRequest.java:[3,67] cannot find symbol
[ERROR]   symbol:   class PayrollStatus
[ERROR]   location: package com.security.Ace.Front.Line.Security.Solutions.entity.enums
[ERROR] /F:/Project 3.28/New folder/My Component/Project/Ace-Front-Line-Security-Solutions/src/main/java/com/security/Ace/Front/Line/Security/Solutions/dto/PayrollResponse.java:[3,67] cannot find symbol
[ERROR]   symbol:   class PayrollStatus
[ERROR]   location: package com.security.Ace.Front.Line.Security.Solutions.entity.enums
[ERROR] /F:/Project 3.28/New folder/My Component/Project/Ace-Front-Line-Security-Solutions/src/main/java/com/security/Ace/Front/Line/Security/Solutions/dto/PayrollResponse.java:[31,13] cannot find symbol
[ERROR]   symbol:   class PayrollStatus
[ERROR]   location: class com.security.Ace.Front.Line.Security.Solutions.dto.PayrollResponse
[ERROR] /F:/Project 3.28/New folder/My Component/Project/Ace-Front-Line-Security-Solutions/src/main/java/com/security/Ace/Front/Line/Security/Solutions/repository/PaysheetRepository.java:[5,67] cannot find symbol
[ERROR]   symbol:   class PayrollStatus
[ERROR]   location: package com.security.Ace.Front.Line.Security.Solutions.entity.enums
[ERROR] /F:/Project 3.28/New folder/My Component/Project/Ace-Front-Line-Security-Solutions/src/main/java/com/security/Ace/Front/Line/Security/Solutions/repository/PaysheetRepository.java:[23,33] cannot find symbol
[ERROR]   symbol:   class PayrollStatus
[ERROR]   location: interface com.security.Ace.Front.Line.Security.Solutions.repository.PaysheetRepository
[ERROR] /F:/Project 3.28/New folder/My Component/Project/Ace-Front-Line-Security-Solutions/src/main/java/com/security/Ace/Front/Line/Security/Solutions/repository/PaysheetRepository.java:[25,44] cannot find symbol
[ERROR]   symbol:   class PayrollStatus
[ERROR]   location: interface com.security.Ace.Front.Line.Security.Solutions.repository.PaysheetRepository
[ERROR] /F:/Project 3.28/New folder/My Component/Project/Ace-Front-Line-Security-Solutions/src/main/java/com/security/Ace/Front/Line/Security/Solutions/service/PayrollStatisticsService.java:[5,67] cannot find symbol
[ERROR]   symbol:   class PayrollStatus
[ERROR]   location: package com.security.Ace.Front.Line.Security.Solutions.entity.enums
[ERROR] /F:/Project 3.28/New folder/My Component/Project/Ace-Front-Line-Security-Solutions/src/main/java/com/security/Ace/Front/Line/Security/Solutions/config/DataSeeder.java:[42,56] constructor Branch in class com.security.Ace.Front.Line.Security.Solutions.entity.Branch cannot be applied to given types;
[ERROR]   required: no arguments
[ERROR]   found:    <nulltype>,java.lang.String
[ERROR]   reason: actual and formal argument lists differ in length
[ERROR] /F:/Project 3.28/New folder/My Component/Project/Ace-Front-Line-Security-Solutions/src/main/java/com/security/Ace/Front/Line/Security/Solutions/config/DataSeeder.java:[43,54] constructor Branch in class com.security.Ace.Front.Line.Security.Solutions.entity.Branch cannot be applied to given types;
[ERROR]   required: no arguments
[ERROR]   found:    <nulltype>,java.lang.String
[ERROR]   reason: actual and formal argument lists differ in length
[ERROR] /F:/Project 3.28/New folder/My Component/Project/Ace-Front-Line-Security-Solutions/src/main/java/com/security/Ace/Front/Line/Security/Solutions/config/DataSeeder.java:[44,59] constructor Branch in class com.security.Ace.Front.Line.Security.Solutions.entity.Branch cannot be applied to given types;
[ERROR]   required: no arguments
[ERROR]   found:    <nulltype>,java.lang.String
[ERROR]   reason: actual and formal argument lists differ in length
[ERROR] /F:/Project 3.28/New folder/My Component/Project/Ace-Front-Line-Security-Solutions/src/main/java/com/security/Ace/Front/Line/Security/Solutions/config/DataSeeder.java:[45,59] constructor Branch in class com.security.Ace.Front.Line.Security.Solutions.entity.Branch cannot be applied to given types;
[ERROR]   required: no arguments
[ERROR]   found:    <nulltype>,java.lang.String
[ERROR]   reason: actual and formal argument lists differ in length
[ERROR] /F:/Project 3.28/New folder/My Component/Project/Ace-Front-Line-Security-Solutions/src/main/java/com/security/Ace/Front/Line/Security/Solutions/config/DataSeeder.java:[47,71] constructor ClientCompany in class com.security.Ace.Front.Line.Security.Solutions.entity.ClientCompany cannot be applied to given types;
[ERROR]   required: no arguments
[ERROR]   found:    <nulltype>,java.lang.String,com.security.Ace.Front.Line.Security.Solutions.entity.Branch
[ERROR]   reason: actual and formal argument lists differ in length
[ERROR] /F:/Project 3.28/New folder/My Component/Project/Ace-Front-Line-Security-Solutions/src/main/java/com/security/Ace/Front/Line/Security/Solutions/config/DataSeeder.java:[48,71] constructor ClientCompany in class com.security.Ace.Front.Line.Security.Solutions.entity.ClientCompany cannot be applied to given types;
[ERROR]   required: no arguments
[ERROR]   found:    <nulltype>,java.lang.String,com.security.Ace.Front.Line.Security.Solutions.entity.Branch
[ERROR]   reason: actual and formal argument lists differ in length
[ERROR] /F:/Project 3.28/New folder/My Component/Project/Ace-Front-Line-Security-Solutions/src/main/java/com/security/Ace/Front/Line/Security/Solutions/config/DataSeeder.java:[49,71] constructor ClientCompany in class com.security.Ace.Front.Line.Security.Solutions.entity.ClientCompany cannot be applied to given types;
[ERROR]   required: no arguments
[ERROR]   found:    <nulltype>,java.lang.String,com.security.Ace.Front.Line.Security.Solutions.entity.Branch
[ERROR]   reason: actual and formal argument lists differ in length
[ERROR] /F:/Project 3.28/New folder/My Component/Project/Ace-Front-Line-Security-Solutions/src/main/java/com/security/Ace/Front/Line/Security/Solutions/config/DataSeeder.java:[50,71] constructor ClientCompany in class com.security.Ace.Front.Line.Security.Solutions.entity.ClientCompany cannot be applied to given types;
[ERROR]   required: no arguments
[ERROR]   found:    <nulltype>,java.lang.String,com.security.Ace.Front.Line.Security.Solutions.entity.Branch
[ERROR]   reason: actual and formal argument lists differ in length
[ERROR] /F:/Project 3.28/New folder/My Component/Project/Ace-Front-Line-Security-Solutions/src/main/java/com/security/Ace/Front/Line/Security/Solutions/config/DataSeeder.java:[51,71] constructor ClientCompany in class com.security.Ace.Front.Line.Security.Solutions.entity.ClientCompany cannot be applied to given types;
[ERROR]   required: no arguments
[ERROR]   found:    <nulltype>,java.lang.String,com.security.Ace.Front.Line.Security.Solutions.entity.Branch
[ERROR]   reason: actual and formal argument lists differ in length
[ERROR] /F:/Project 3.28/New folder/My Component/Project/Ace-Front-Line-Security-Solutions/src/main/java/com/security/Ace/Front/Line/Security/Solutions/config/DataSeeder.java:[55,27] cannot find symbol
[ERROR]   symbol:   method setFullName(java.lang.String)
[ERROR]   location: variable opsManager of type com.security.Ace.Front.Line.Security.Solutions.entity.User
[ERROR] /F:/Project 3.28/New folder/My Component/Project/Ace-Front-Line-Security-Solutions/src/main/java/com/security/Ace/Front/Line/Security/Solutions/config/DataSeeder.java:[60,22] cannot find symbol
[ERROR]   symbol:   method setFullName(java.lang.String)
[ERROR]   location: variable exec1 of type com.security.Ace.Front.Line.Security.Solutions.entity.User
[ERROR] /F:/Project 3.28/New folder/My Component/Project/Ace-Front-Line-Security-Solutions/src/main/java/com/security/Ace/Front/Line/Security/Solutions/config/DataSeeder.java:[64,25] cannot find symbol
[ERROR]   symbol:   method setFullName(java.lang.String)
[ERROR]   location: variable chairman of type com.security.Ace.Front.Line.Security.Solutions.entity.User
[ERROR] /F:/Project 3.28/New folder/My Component/Project/Ace-Front-Line-Security-Solutions/src/main/java/com/security/Ace/Front/Line/Security/Solutions/config/DataSeeder.java:[68,25] cannot find symbol
[ERROR]   symbol:   method setFullName(java.lang.String)
[ERROR]   location: variable director of type com.security.Ace.Front.Line.Security.Solutions.entity.User
[ERROR] /F:/Project 3.28/New folder/My Component/Project/Ace-Front-Line-Security-Solutions/src/main/java/com/security/Ace/Front/Line/Security/Solutions/config/DataSeeder.java:[72,27] cannot find symbol
[ERROR]   symbol:   method setFullName(java.lang.String)
[ERROR]   location: variable accountant of type com.security.Ace.Front.Line.Security.Solutions.entity.User
[ERROR] /F:/Project 3.28/New folder/My Component/Project/Ace-Front-Line-Security-Solutions/src/main/java/com/security/Ace/Front/Line/Security/Solutions/config/DataSeeder.java:[77,20] cannot find symbol
[ERROR]   symbol:   method setFullName(java.lang.String)
[ERROR]   location: variable am1 of type com.security.Ace.Front.Line.Security.Solutions.entity.User
[ERROR] /F:/Project 3.28/New folder/My Component/Project/Ace-Front-Line-Security-Solutions/src/main/java/com/security/Ace/Front/Line/Security/Solutions/config/DataSeeder.java:[81,20] cannot find symbol
[ERROR]   symbol:   method setFullName(java.lang.String)
[ERROR]   location: variable am2 of type com.security.Ace.Front.Line.Security.Solutions.entity.User
[ERROR] /F:/Project 3.28/New folder/My Component/Project/Ace-Front-Line-Security-Solutions/src/main/java/com/security/Ace/Front/Line/Security/Solutions/config/DataSeeder.java:[115,24] cannot find symbol
[ERROR]   symbol:   method setBankName(java.lang.String)
[ERROR]   location: variable aceBank of type com.security.Ace.Front.Line.Security.Solutions.entity.BankDetails
[ERROR] /F:/Project 3.28/New folder/My Component/Project/Ace-Front-Line-Security-Solutions/src/main/java/com/security/Ace/Front/Line/Security/Solutions/config/DataSeeder.java:[116,24] cannot find symbol
[ERROR]   symbol:   method setAccountName(java.lang.String)
[ERROR]   location: variable aceBank of type com.security.Ace.Front.Line.Security.Solutions.entity.BankDetails
[ERROR] /F:/Project 3.28/New folder/My Component/Project/Ace-Front-Line-Security-Solutions/src/main/java/com/security/Ace/Front/Line/Security/Solutions/config/DataSeeder.java:[117,24] cannot find symbol
[ERROR]   symbol:   method setAccountNumber(java.lang.String)
[ERROR]   location: variable aceBank of type com.security.Ace.Front.Line.Security.Solutions.entity.BankDetails
[ERROR] /F:/Project 3.28/New folder/My Component/Project/Ace-Front-Line-Security-Solutions/src/main/java/com/security/Ace/Front/Line/Security/Solutions/config/DataSeeder.java:[118,24] cannot find symbol
[ERROR]   symbol:   method setBranchName(java.lang.String)
[ERROR]   location: variable aceBank of type com.security.Ace.Front.Line.Security.Solutions.entity.BankDetails
[ERROR] /F:/Project 3.28/New folder/My Component/Project/Ace-Front-Line-Security-Solutions/src/main/java/com/security/Ace/Front/Line/Security/Solutions/config/DataSeeder.java:[119,24] cannot find symbol
[ERROR]   symbol:   method setBranchCode(java.lang.String)
[ERROR]   location: variable aceBank of type com.security.Ace.Front.Line.Security.Solutions.entity.BankDetails
[ERROR] /F:/Project 3.28/New folder/My Component/Project/Ace-Front-Line-Security-Solutions/src/main/java/com/security/Ace/Front/Line/Security/Solutions/config/DataSeeder.java:[120,24] cannot find symbol
[ERROR]   symbol:   method setSwiftCode(java.lang.String)
[ERROR]   location: variable aceBank of type com.security.Ace.Front.Line.Security.Solutions.entity.BankDetails
[ERROR] /F:/Project 3.28/New folder/My Component/Project/Ace-Front-Line-Security-Solutions/src/main/java/com/security/Ace/Front/Line/Security/Solutions/config/DataSeeder.java:[121,24] cannot find symbol
[ERROR]   symbol:   method setIsActive(boolean)
[ERROR]   location: variable aceBank of type com.security.Ace.Front.Line.Security.Solutions.entity.BankDetails
[ERROR] /F:/Project 3.28/New folder/My Component/Project/Ace-Front-Line-Security-Solutions/src/main/java/com/security/Ace/Front/Line/Security/Solutions/config/DataSeeder.java:[131,24] cannot find symbol
[ERROR]   symbol:   method setClientCode(java.lang.String)
[ERROR]   location: variable client1 of type com.security.Ace.Front.Line.Security.Solutions.entity.Client
[ERROR] /F:/Project 3.28/New folder/My Component/Project/Ace-Front-Line-Security-Solutions/src/main/java/com/security/Ace/Front/Line/Security/Solutions/config/DataSeeder.java:[132,24] cannot find symbol
[ERROR]   symbol:   method setCompanyName(java.lang.String)
[ERROR]   location: variable client1 of type com.security.Ace.Front.Line.Security.Solutions.entity.Client
[ERROR] /F:/Project 3.28/New folder/My Component/Project/Ace-Front-Line-Security-Solutions/src/main/java/com/security/Ace/Front/Line/Security/Solutions/config/DataSeeder.java:[133,24] cannot find symbol
[ERROR]   symbol:   method setCompanyRegistrationNo(java.lang.String)
[ERROR]   location: variable client1 of type com.security.Ace.Front.Line.Security.Solutions.entity.Client
[ERROR] /F:/Project 3.28/New folder/My Component/Project/Ace-Front-Line-Security-Solutions/src/main/java/com/security/Ace/Front/Line/Security/Solutions/config/DataSeeder.java:[134,24] cannot find symbol
[ERROR]   symbol:   method setVatNumber(java.lang.String)
[ERROR]   location: variable client1 of type com.security.Ace.Front.Line.Security.Solutions.entity.Client
[ERROR] /F:/Project 3.28/New folder/My Component/Project/Ace-Front-Line-Security-Solutions/src/main/java/com/security/Ace/Front/Line/Security/Solutions/config/DataSeeder.java:[135,24] cannot find symbol
[ERROR]   symbol:   method setIndustryType(java.lang.String)
[ERROR]   location: variable client1 of type com.security.Ace.Front.Line.Security.Solutions.entity.Client
[ERROR] /F:/Project 3.28/New folder/My Component/Project/Ace-Front-Line-Security-Solutions/src/main/java/com/security/Ace/Front/Line/Security/Solutions/config/DataSeeder.java:[136,24] cannot find symbol
[ERROR]   symbol:   method setAddress(java.lang.String)
[ERROR]   location: variable client1 of type com.security.Ace.Front.Line.Security.Solutions.entity.Client
[ERROR] /F:/Project 3.28/New folder/My Component/Project/Ace-Front-Line-Security-Solutions/src/main/java/com/security/Ace/Front/Line/Security/Solutions/config/DataSeeder.java:[137,24] cannot find symbol
[ERROR]   symbol:   method setServiceLocation(java.lang.String)
[ERROR]   location: variable client1 of type com.security.Ace.Front.Line.Security.Solutions.entity.Client
[ERROR] /F:/Project 3.28/New folder/My Component/Project/Ace-Front-Line-Security-Solutions/src/main/java/com/security/Ace/Front/Line/Security/Solutions/config/DataSeeder.java:[138,24] cannot find symbol
[ERROR]   symbol:   method setCity(java.lang.String)
[ERROR]   location: variable client1 of type com.security.Ace.Front.Line.Security.Solutions.entity.Client
[ERROR] /F:/Project 3.28/New folder/My Component/Project/Ace-Front-Line-Security-Solutions/src/main/java/com/security/Ace/Front/Line/Security/Solutions/config/DataSeeder.java:[139,24] cannot find symbol
[ERROR]   symbol:   method setContactPersonName(java.lang.String)
[ERROR]   location: variable client1 of type com.security.Ace.Front.Line.Security.Solutions.entity.Client
[ERROR] /F:/Project 3.28/New folder/My Component/Project/Ace-Front-Line-Security-Solutions/src/main/java/com/security/Ace/Front/Line/Security/Solutions/config/DataSeeder.java:[140,24] cannot find symbol
[ERROR]   symbol:   method setContactPersonDesignation(java.lang.String)
[ERROR]   location: variable client1 of type com.security.Ace.Front.Line.Security.Solutions.entity.Client
[ERROR] /F:/Project 3.28/New folder/My Component/Project/Ace-Front-Line-Security-Solutions/src/main/java/com/security/Ace/Front/Line/Security/Solutions/config/DataSeeder.java:[141,24] cannot find symbol
[ERROR]   symbol:   method setContactPersonEmail(java.lang.String)
[ERROR]   location: variable client1 of type com.security.Ace.Front.Line.Security.Solutions.entity.Client
[ERROR] /F:/Project 3.28/New folder/My Component/Project/Ace-Front-Line-Security-Solutions/src/main/java/com/security/Ace/Front/Line/Security/Solutions/config/DataSeeder.java:[142,24] cannot find symbol
[ERROR]   symbol:   method setContactPersonPhone(java.lang.String)
[ERROR]   location: variable client1 of type com.security.Ace.Front.Line.Security.Solutions.entity.Client
[ERROR] /F:/Project 3.28/New folder/My Component/Project/Ace-Front-Line-Security-Solutions/src/main/java/com/security/Ace/Front/Line/Security/Solutions/config/DataSeeder.java:[143,24] cannot find symbol
[ERROR]   symbol:   method setUsername(java.lang.String)
[ERROR]   location: variable client1 of type com.security.Ace.Front.Line.Security.Solutions.entity.Client
[ERROR] /F:/Project 3.28/New folder/My Component/Project/Ace-Front-Line-Security-Solutions/src/main/java/com/security/Ace/Front/Line/Security/Solutions/config/DataSeeder.java:[144,24] cannot find symbol
[ERROR]   symbol:   method setPasswordHash(java.lang.String)
[ERROR]   location: variable client1 of type com.security.Ace.Front.Line.Security.Solutions.entity.Client
[ERROR] /F:/Project 3.28/New folder/My Component/Project/Ace-Front-Line-Security-Solutions/src/main/java/com/security/Ace/Front/Line/Security/Solutions/config/DataSeeder.java:[145,24] cannot find symbol
[ERROR]   symbol:   method setIsFirstLogin(boolean)
[ERROR]   location: variable client1 of type com.security.Ace.Front.Line.Security.Solutions.entity.Client
[ERROR] /F:/Project 3.28/New folder/My Component/Project/Ace-Front-Line-Security-Solutions/src/main/java/com/security/Ace/Front/Line/Security/Solutions/config/DataSeeder.java:[146,24] cannot find symbol
[ERROR]   symbol:   method setServiceStartDate(java.time.LocalDate)
[ERROR]   location: variable client1 of type com.security.Ace.Front.Line.Security.Solutions.entity.Client
[ERROR] /F:/Project 3.28/New folder/My Component/Project/Ace-Front-Line-Security-Solutions/src/main/java/com/security/Ace/Front/Line/Security/Solutions/config/DataSeeder.java:[147,24] cannot find symbol
[ERROR]   symbol:   method setContractDurationMonths(int)
[ERROR]   location: variable client1 of type com.security.Ace.Front.Line.Security.Solutions.entity.Client
[ERROR] /F:/Project 3.28/New folder/My Component/Project/Ace-Front-Line-Security-Solutions/src/main/java/com/security/Ace/Front/Line/Security/Solutions/config/DataSeeder.java:[149,24] cannot find symbol
[ERROR]   symbol:   method setOicCount(int)
[ERROR]   location: variable client1 of type com.security.Ace.Front.Line.Security.Solutions.entity.Client
[ERROR] /F:/Project 3.28/New folder/My Component/Project/Ace-Front-Line-Security-Solutions/src/main/java/com/security/Ace/Front/Line/Security/Solutions/config/DataSeeder.java:[150,24] cannot find symbol
[ERROR]   symbol:   method setJsoCount(int)
[ERROR]   location: variable client1 of type com.security.Ace.Front.Line.Security.Solutions.entity.Client
[ERROR] /F:/Project 3.28/New folder/My Component/Project/Ace-Front-Line-Security-Solutions/src/main/java/com/security/Ace/Front/Line/Security/Solutions/config/DataSeeder.java:[151,24] cannot find symbol
[ERROR]   symbol:   method setOicRatePerShift(java.math.BigDecimal)
[ERROR]   location: variable client1 of type com.security.Ace.Front.Line.Security.Solutions.entity.Client
[ERROR] /F:/Project 3.28/New folder/My Component/Project/Ace-Front-Line-Security-Solutions/src/main/java/com/security/Ace/Front/Line/Security/Solutions/config/DataSeeder.java:[152,24] cannot find symbol
[ERROR]   symbol:   method setJsoRatePerShift(java.math.BigDecimal)
[ERROR]   location: variable client1 of type com.security.Ace.Front.Line.Security.Solutions.entity.Client
[ERROR] /F:/Project 3.28/New folder/My Component/Project/Ace-Front-Line-Security-Solutions/src/main/java/com/security/Ace/Front/Line/Security/Solutions/config/DataSeeder.java:[153,24] cannot find symbol
[ERROR]   symbol:   method setOtRatePerHour(java.math.BigDecimal)
[ERROR]   location: variable client1 of type com.security.Ace.Front.Line.Security.Solutions.entity.Client
[ERROR] /F:/Project 3.28/New folder/My Component/Project/Ace-Front-Line-Security-Solutions/src/main/java/com/security/Ace/Front/Line/Security/Solutions/config/DataSeeder.java:[154,24] cannot find symbol
[ERROR]   symbol:   method setRiskLevel(com.security.Ace.Front.Line.Security.Solutions.entity.enums.RiskLevel)
[ERROR]   location: variable client1 of type com.security.Ace.Front.Line.Security.Solutions.entity.Client
[ERROR] /F:/Project 3.28/New folder/My Component/Project/Ace-Front-Line-Security-Solutions/src/main/java/com/security/Ace/Front/Line/Security/Solutions/config/DataSeeder.java:[155,24] cannot find symbol
[ERROR]   symbol:   method setRecommendedOfficers(int)
[ERROR]   location: variable client1 of type com.security.Ace.Front.Line.Security.Solutions.entity.Client
[ERROR] /F:/Project 3.28/New folder/My Component/Project/Ace-Front-Line-Security-Solutions/src/main/java/com/security/Ace/Front/Line/Security/Solutions/config/DataSeeder.java:[156,24] cannot find symbol
[ERROR]   symbol:   method setStatus(com.security.Ace.Front.Line.Security.Solutions.entity.enums.ClientStatus)
[ERROR]   location: variable client1 of type com.security.Ace.Front.Line.Security.Solutions.entity.Client
[ERROR] /F:/Project 3.28/New folder/My Component/Project/Ace-Front-Line-Security-Solutions/src/main/java/com/security/Ace/Front/Line/Security/Solutions/config/DataSeeder.java:[157,24] cannot find symbol
[ERROR]   symbol:   method setRegisteredAt(java.time.LocalDateTime)
[ERROR]   location: variable client1 of type com.security.Ace.Front.Line.Security.Solutions.entity.Client
[ERROR] /F:/Project 3.28/New folder/My Component/Project/Ace-Front-Line-Security-Solutions/src/main/java/com/security/Ace/Front/Line/Security/Solutions/config/DataSeeder.java:[158,24] cannot find symbol
[ERROR]   symbol:   method setUpdatedAt(java.time.LocalDateTime)
[ERROR]   location: variable client1 of type com.security.Ace.Front.Line.Security.Solutions.entity.Client
[ERROR] /F:/Project 3.28/New folder/My Component/Project/Ace-Front-Line-Security-Solutions/src/main/java/com/security/Ace/Front/Line/Security/Solutions/config/DataSeeder.java:[163,24] cannot find symbol
[ERROR]   symbol:   method setClientCode(java.lang.String)
[ERROR]   location: variable client2 of type com.security.Ace.Front.Line.Security.Solutions.entity.Client
[ERROR] /F:/Project 3.28/New folder/My Component/Project/Ace-Front-Line-Security-Solutions/src/main/java/com/security/Ace/Front/Line/Security/Solutions/config/DataSeeder.java:[164,24] cannot find symbol
[ERROR]   symbol:   method setCompanyName(java.lang.String)
[ERROR]   location: variable client2 of type com.security.Ace.Front.Line.Security.Solutions.entity.Client
[ERROR] /F:/Project 3.28/New folder/My Component/Project/Ace-Front-Line-Security-Solutions/src/main/java/com/security/Ace/Front/Line/Security/Solutions/config/DataSeeder.java:[165,24] cannot find symbol
[ERROR]   symbol:   method setCompanyRegistrationNo(java.lang.String)
[ERROR]   location: variable client2 of type com.security.Ace.Front.Line.Security.Solutions.entity.Client
[ERROR] /F:/Project 3.28/New folder/My Component/Project/Ace-Front-Line-Security-Solutions/src/main/java/com/security/Ace/Front/Line/Security/Solutions/config/DataSeeder.java:[166,24] cannot find symbol
[ERROR]   symbol:   method setVatNumber(java.lang.String)
[ERROR]   location: variable client2 of type com.security.Ace.Front.Line.Security.Solutions.entity.Client
[ERROR] /F:/Project 3.28/New folder/My Component/Project/Ace-Front-Line-Security-Solutions/src/main/java/com/security/Ace/Front/Line/Security/Solutions/config/DataSeeder.java:[167,24] cannot find symbol
[ERROR]   symbol:   method setIndustryType(java.lang.String)
[ERROR]   location: variable client2 of type com.security.Ace.Front.Line.Security.Solutions.entity.Client
[ERROR] /F:/Project 3.28/New folder/My Component/Project/Ace-Front-Line-Security-Solutions/src/main/java/com/security/Ace/Front/Line/Security/Solutions/config/DataSeeder.java:[168,24] cannot find symbol
[ERROR]   symbol:   method setAddress(java.lang.String)
[ERROR]   location: variable client2 of type com.security.Ace.Front.Line.Security.Solutions.entity.Client
[ERROR] /F:/Project 3.28/New folder/My Component/Project/Ace-Front-Line-Security-Solutions/src/main/java/com/security/Ace/Front/Line/Security/Solutions/config/DataSeeder.java:[169,24] cannot find symbol
[ERROR]   symbol:   method setServiceLocation(java.lang.String)
[ERROR]   location: variable client2 of type com.security.Ace.Front.Line.Security.Solutions.entity.Client
[ERROR] /F:/Project 3.28/New folder/My Component/Project/Ace-Front-Line-Security-Solutions/src/main/java/com/security/Ace/Front/Line/Security/Solutions/config/DataSeeder.java:[170,24] cannot find symbol
[ERROR]   symbol:   method setCity(java.lang.String)
[ERROR]   location: variable client2 of type com.security.Ace.Front.Line.Security.Solutions.entity.Client
[ERROR] /F:/Project 3.28/New folder/My Component/Project/Ace-Front-Line-Security-Solutions/src/main/java/com/security/Ace/Front/Line/Security/Solutions/config/DataSeeder.java:[171,24] cannot find symbol
[ERROR]   symbol:   method setContactPersonName(java.lang.String)
[ERROR]   location: variable client2 of type com.security.Ace.Front.Line.Security.Solutions.entity.Client
[ERROR] /F:/Project 3.28/New folder/My Component/Project/Ace-Front-Line-Security-Solutions/src/main/java/com/security/Ace/Front/Line/Security/Solutions/config/DataSeeder.java:[172,24] cannot find symbol
[ERROR]   symbol:   method setContactPersonDesignation(java.lang.String)
[ERROR]   location: variable client2 of type com.security.Ace.Front.Line.Security.Solutions.entity.Client
[ERROR] /F:/Project 3.28/New folder/My Component/Project/Ace-Front-Line-Security-Solutions/src/main/java/com/security/Ace/Front/Line/Security/Solutions/config/DataSeeder.java:[173,24] cannot find symbol
[ERROR]   symbol:   method setContactPersonEmail(java.lang.String)
[ERROR]   location: variable client2 of type com.security.Ace.Front.Line.Security.Solutions.entity.Client
[ERROR] /F:/Project 3.28/New folder/My Component/Project/Ace-Front-Line-Security-Solutions/src/main/java/com/security/Ace/Front/Line/Security/Solutions/config/DataSeeder.java:[174,24] cannot find symbol
[ERROR]   symbol:   method setContactPersonPhone(java.lang.String)
[ERROR]   location: variable client2 of type com.security.Ace.Front.Line.Security.Solutions.entity.Client
[ERROR] /F:/Project 3.28/New folder/My Component/Project/Ace-Front-Line-Security-Solutions/src/main/java/com/security/Ace/Front/Line/Security/Solutions/config/DataSeeder.java:[175,24] cannot find symbol
[ERROR]   symbol:   method setUsername(java.lang.String)
[ERROR]   location: variable client2 of type com.security.Ace.Front.Line.Security.Solutions.entity.Client
[ERROR] /F:/Project 3.28/New folder/My Component/Project/Ace-Front-Line-Security-Solutions/src/main/java/com/security/Ace/Front/Line/Security/Solutions/config/DataSeeder.java:[176,24] cannot find symbol
[ERROR]   symbol:   method setPasswordHash(java.lang.String)
[ERROR]   location: variable client2 of type com.security.Ace.Front.Line.Security.Solutions.entity.Client
[ERROR] /F:/Project 3.28/New folder/My Component/Project/Ace-Front-Line-Security-Solutions/src/main/java/com/security/Ace/Front/Line/Security/Solutions/config/DataSeeder.java:[177,24] cannot find symbol
[ERROR]   symbol:   method setIsFirstLogin(boolean)
[ERROR]   location: variable client2 of type com.security.Ace.Front.Line.Security.Solutions.entity.Client
[ERROR] /F:/Project 3.28/New folder/My Component/Project/Ace-Front-Line-Security-Solutions/src/main/java/com/security/Ace/Front/Line/Security/Solutions/config/DataSeeder.java:[178,24] cannot find symbol
[ERROR]   symbol:   method setServiceStartDate(java.time.LocalDate)
[ERROR]   location: variable client2 of type com.security.Ace.Front.Line.Security.Solutions.entity.Client
[ERROR] /F:/Project 3.28/New folder/My Component/Project/Ace-Front-Line-Security-Solutions/src/main/java/com/security/Ace/Front/Line/Security/Solutions/config/DataSeeder.java:[179,24] cannot find symbol
[ERROR]   symbol:   method setContractDurationMonths(int)
[ERROR]   location: variable client2 of type com.security.Ace.Front.Line.Security.Solutions.entity.Client
[ERROR] -> [Help 1]
[ERROR] 
[ERROR] To see the full stack trace of the errors, re-run Maven with the -e switch.
[ERROR] Re-run Maven using the -X switch to enable full debug logging.
[ERROR] 
[ERROR] For more information about the errors and possible solutions, please read the following articles:
[ERROR] [Help 1] http://cwiki.apache.org/confluence/display/MAVEN/MojoFailureException
